// Jest Snapshot v1, https://goo.gl/fbAQLP

exports[`expcet to render MainPage without crashing 1`] = `ShallowWrapper {}`;
